// Vitest Snapshot v1, https://vitest.dev/guide/snapshot.html

exports[`Table_header_cell$ > End renders 1`] = `"<th class=\\"workflows-summary-table-header-cell svelte-1s5w9xb\\" data-testid=\\"workflows-summary-table-header-cell-End\\">End</th>"`;

exports[`Table_header_cell$ > Execution Duration renders 1`] = `"<th class=\\"workflows-summary-table-header-cell svelte-1s5w9xb\\" data-testid=\\"workflows-summary-table-header-cell-Execution Duration\\">Execution Duration</th>"`;

exports[`Table_header_cell$ > Execution Time renders 1`] = `"<th class=\\"workflows-summary-table-header-cell svelte-1s5w9xb\\" data-testid=\\"workflows-summary-table-header-cell-Execution Time\\">Execution Time</th>"`;

exports[`Table_header_cell$ > History Length renders 1`] = `"<th class=\\"workflows-summary-table-header-cell svelte-1s5w9xb\\" data-testid=\\"workflows-summary-table-header-cell-History Length\\">History Length</th>"`;

exports[`Table_header_cell$ > History Size renders 1`] = `"<th class=\\"workflows-summary-table-header-cell svelte-1s5w9xb\\" data-testid=\\"workflows-summary-table-header-cell-History Size\\">History Size</th>"`;

exports[`Table_header_cell$ > Parent Namespace renders 1`] = `"<th class=\\"workflows-summary-table-header-cell svelte-1s5w9xb\\" data-testid=\\"workflows-summary-table-header-cell-Parent Namespace\\">Parent Namespace</th>"`;

exports[`Table_header_cell$ > Run ID renders 1`] = `"<th class=\\"workflows-summary-table-header-cell svelte-1s5w9xb\\" data-testid=\\"workflows-summary-table-header-cell-Run ID\\">Run ID</th>"`;

exports[`Table_header_cell$ > Scheduled By ID renders 1`] = `"<th class=\\"workflows-summary-table-header-cell svelte-1s5w9xb\\" data-testid=\\"workflows-summary-table-header-cell-Scheduled By ID\\">Scheduled By ID</th>"`;

exports[`Table_header_cell$ > Scheduled Start Time renders 1`] = `"<th class=\\"workflows-summary-table-header-cell svelte-1s5w9xb\\" data-testid=\\"workflows-summary-table-header-cell-Scheduled Start Time\\">Scheduled Start Time</th>"`;

exports[`Table_header_cell$ > Start renders 1`] = `"<th class=\\"workflows-summary-table-header-cell svelte-1s5w9xb\\" data-testid=\\"workflows-summary-table-header-cell-Start\\">Start</th>"`;

exports[`Table_header_cell$ > State Transitions renders 1`] = `"<th class=\\"workflows-summary-table-header-cell svelte-1s5w9xb\\" data-testid=\\"workflows-summary-table-header-cell-State Transitions\\">State Transitions</th>"`;

exports[`Table_header_cell$ > Status renders 1`] = `"<th class=\\"workflows-summary-table-header-cell svelte-1s5w9xb\\" data-testid=\\"workflows-summary-table-header-cell-Status\\">Status</th>"`;

exports[`Table_header_cell$ > Task Queue renders 1`] = `"<th class=\\"workflows-summary-table-header-cell svelte-1s5w9xb\\" data-testid=\\"workflows-summary-table-header-cell-Task Queue\\">Task Queue</th>"`;

exports[`Table_header_cell$ > Type renders 1`] = `"<th class=\\"workflows-summary-table-header-cell svelte-1s5w9xb\\" data-testid=\\"workflows-summary-table-header-cell-Type\\">Type</th>"`;

exports[`Table_header_cell$ > Workflow ID renders 1`] = `"<th class=\\"workflows-summary-table-header-cell svelte-1s5w9xb\\" data-testid=\\"workflows-summary-table-header-cell-Workflow ID\\">Workflow ID</th>"`;
